// Jest Snapshot v1, https://goo.gl/fbAQLP

exports[`First React component test with Enzyme renders without crashing 1`] = `
<div
  className="Sample"
>
  <header>
    <h1>
      Date of Journal
    </h1>
  </header>
  <div
    className="Sample__container"
  >
    <main
      className="Sample__container__content"
    >
      <Calendar
        hover={true}
        maxDetail="month"
        minDetail="century"
        onChange={[Function]}
        returnValue="start"
        showNavigation={true}
        showNeighboringMonth={true}
        tileContent={true}
        value={2020-05-22T19:44:53.725Z}
      />
    </main>
  </div>
</div>
`;
